// Jest Snapshot v1, https://goo.gl/fbAQLP

exports[`Matches snapshot 1`] = `
<div
  className="footerbox bg-footer h-20 place-items-center grid grid-cols-3 bottom-0 w-full"
>
  <div>
    <button
      className="toTopButton bg-buttonDark hover:bg-buttonHover text-white rounded-lg w-32 sm:w-40 h-8"
      onClick={[Function]}
    >
      <p
        className="text-xs sm:text-base"
      >
         Tilbake til toppen 
      </p>
    </button>
  </div>
  <p
    className="text-white text-xs sm:text-base"
  >
     Laget av snille gutter fra NTNU ♥️ 
  </p>
</div>
`;
