// Jest Snapshot v1, https://goo.gl/fbAQLP

exports[`Matches snapshot 1`] = `
<div
  className="flex flex-col flex-wrap gap-1 text-white justify-between bg-buttonDark py-2.5 px-2.5 text-xs sm:flex-row sm:text-base"
>
  <div
    className="flex flex-row items-center gap-1"
  >
    <svg
      aria-hidden={true}
      className="MuiSvgIcon-root MuiSvgIcon-fontSizeMedium css-17e890r-MuiSvgIcon-root"
      data-testid="LocationCityIcon"
      focusable="false"
      viewBox="0 0 24 24"
    >
      <path
        d="M15 11V5l-3-3-3 3v2H3v14h18V11h-6zm-8 8H5v-2h2v2zm0-4H5v-2h2v2zm0-4H5V9h2v2zm6 8h-2v-2h2v2zm0-4h-2v-2h2v2zm0-4h-2V9h2v2zm0-4h-2V5h2v2zm6 12h-2v-2h2v2zm0-4h-2v-2h2v2z"
      />
    </svg>
    Test kommune
  </div>
  <div
    className="flex flex-row items-center gap-1"
  >
    <svg
      aria-hidden={true}
      className="MuiSvgIcon-root MuiSvgIcon-fontSizeMedium css-17e890r-MuiSvgIcon-root"
      data-testid="EmailIcon"
      focusable="false"
      viewBox="0 0 24 24"
    >
      <path
        d="M20 4H4c-1.1 0-1.99.9-1.99 2L2 18c0 1.1.9 2 2 2h16c1.1 0 2-.9 2-2V6c0-1.1-.9-2-2-2zm0 4-8 5-8-5V6l8 5 8-5v2z"
      />
    </svg>
    testmail@testkommune.no
  </div>
  <div
    className="flex flex-row items-center gap-1"
  >
    <svg
      aria-hidden={true}
      className="MuiSvgIcon-root MuiSvgIcon-fontSizeMedium css-17e890r-MuiSvgIcon-root"
      data-testid="PhoneIcon"
      focusable="false"
      viewBox="0 0 24 24"
    >
      <path
        d="M6.62 10.79c1.44 2.83 3.76 5.14 6.59 6.59l2.2-2.2c.27-.27.67-.36 1.02-.24 1.12.37 2.33.57 3.57.57.55 0 1 .45 1 1V20c0 .55-.45 1-1 1-9.39 0-17-7.61-17-17 0-.55.45-1 1-1h3.5c.55 0 1 .45 1 1 0 1.25.2 2.45.57 3.57.11.35.03.74-.25 1.02l-2.2 2.2z"
      />
    </svg>
    +47 
    111 22 333
  </div>
</div>
`;
